// Jest Snapshot v1, https://goo.gl/fbAQLP

exports[`Pruebas en NoteScreen debe mostrarse correctamente 1`] = `
<div
  className="notes__main-content animate__animated animate__zoomIn animate__faster"
>
  <div
    className="notes__appbar"
  >
    <input
      id="fileSelector"
      name="file"
      onChange={[Function]}
      style={
        Object {
          "display": "none",
        }
      }
      type="file"
    />
    <div>
      <button
        className="btn btn-info"
        onClick={[Function]}
      >
        Picture
      </button>
      <button
        className="btn btn-success ml-1"
        onClick={[Function]}
      >
        Save
      </button>
    </div>
  </div>
  <div
    className="notes__content"
  >
    <input
      className="notes__title-input"
      name="title"
      onChange={[Function]}
      placeholder="Some awesome title"
      type="text"
      value="hola"
    />
    <textarea
      className="notes__textarea"
      name="body"
      onChange={[Function]}
      placeholder="What happened today?"
      value="body"
    />
  </div>
  <button
    className="btn btn-danger"
    onClick={[Function]}
  >
    Delete
  </button>
</div>
`;
