// Jest Snapshot v1, https://goo.gl/fbAQLP

exports[`Pruebas en Sidebar debe mostrarse correctamente 1`] = `
<aside
  className="journal__sidebar animate__animated animate__fadeIn animate__faster"
>
  <div
    className="journal__sidebar-navbar"
  >
    <h3
      className="mt-1"
    >
      <i
        className="fas fa-user-astronaut"
      />
      <span>
          JuanJose  (2)
      </span>
    </h3>
    <button
      className="btn btn-danger"
      onClick={[Function]}
    >
      Logout
    </button>
  </div>
  <div
    className="journal__new-entry"
    onClick={[Function]}
  >
    <i
      className="far fa-calendar-plus fa-3x"
    />
    <p
      className="mt-1"
    >
       New Entry
    </p>
  </div>
  <div
    className="journal__entries "
  />
</aside>
`;
